// Jest Snapshot v1, https://goo.gl/fbAQLP

exports[`Match the Dashboard UI snapshot... 1`] = `
<div>
  <div
    class="dashboard-container container"
  >
    <div
      class="mb-4 row"
    >
      <div
        class="col-md-6"
      >
        <div
          class="dashboard-card card"
        >
          <div
            class="card-body"
          >
            <h5
              class="dashboard-card-title card-title"
            >
              Stock Quantity
            </h5>
            <div
              class="chart-container"
              style="width: 100%; height: 300px;"
            >
              <div
                class="recharts-responsive-container"
                style="width: 100%; height: 100%; min-width: 0;"
              >
                <div
                  style="width: 0px; height: 0px; overflow: visible;"
                />
              </div>
            </div>
          </div>
        </div>
      </div>
      <div
        class="col-md-6"
      >
        <div
          class="dashboard-card card"
        >
          <div
            class="card-body"
          >
            <h5
              class="dashboard-card-title card-title"
            >
              Orders by Status
            </h5>
            <div
              class="chart-container"
              style="width: 100%; height: 300px;"
            >
              <div
                class="recharts-responsive-container"
                style="width: 100%; height: 100%; min-width: 0;"
              >
                <div
                  style="width: 0px; height: 0px; overflow: visible;"
                />
              </div>
            </div>
          </div>
        </div>
      </div>
    </div>
    <div
      class="row"
    >
      <div
        class="col-md-12"
      >
        <div
          class="dashboard-card card"
        >
          <div
            class="card-body"
          >
            <h5
              class="dashboard-card-title card-title"
            >
              Orders Per Day
            </h5>
            <div
              class="chart-container"
              style="width: 100%; height: 300px;"
            >
              <div
                class="recharts-responsive-container"
                style="width: 100%; height: 100%; min-width: 0;"
              >
                <div
                  style="width: 0px; height: 0px; overflow: visible;"
                />
              </div>
            </div>
          </div>
        </div>
      </div>
    </div>
  </div>
</div>
`;
